The target system is: Android - 1 - aarch64
The host system is: Darwin - 25.5.0 - x86_64
Compiling the C compiler identification source file "CMakeCCompilerId.c" succeeded.
Compiler: /Users/sarahswee/UnityEditors/6000.0.66f1/PlaybackEngines/AndroidPlayer/NDK/toolchains/llvm/prebuilt/darwin-x86_64/bin/clang 
Build flags: -g;-DANDROID;-fdata-sections;-ffunction-sections;-funwind-tables;-fstack-protector-strong;-no-canonical-prefixes;-D__BIONIC_NO_PAGE_SIZE_MACRO;-D_FORTIFY_SOURCE=2;-Wformat;-Werror=format-security;
Id flags: -c;--target=aarch64-none-linux-android24 

The output was:
0


Compilation of the C compiler identification source "CMakeCCompilerId.c" produced "CMakeCCompilerId.o"

The C compiler identification is Clang, found in "/Users/sarahswee/Downloads/VEL:DAIL/HazardSimulation-main/.utmp/RelWithDebInfo/5c546w63/arm64-v8a/CMakeFiles/3.22.1-g37088a8/CompilerIdC/CMakeCCompilerId.o"

Compiling the CXX compiler identification source file "CMakeCXXCompilerId.cpp" succeeded.
Compiler: /Users/sarahswee/UnityEditors/6000.0.66f1/PlaybackEngines/AndroidPlayer/NDK/toolchains/llvm/prebuilt/darwin-x86_64/bin/clang++ 
Build flags: -g;-DANDROID;-fdata-sections;-ffunction-sections;-funwind-tables;-fstack-protector-strong;-no-canonical-prefixes;-D__BIONIC_NO_PAGE_SIZE_MACRO;-D_FORTIFY_SOURCE=2;-Wformat;-Werror=format-security;;
Id flags: -c;--target=aarch64-none-linux-android24 

The output was:
0


Compilation of the CXX compiler identification source "CMakeCXXCompilerId.cpp" produced "CMakeCXXCompilerId.o"

The CXX compiler identification is Clang, found in "/Users/sarahswee/Downloads/VEL:DAIL/HazardSimulation-main/.utmp/RelWithDebInfo/5c546w63/arm64-v8a/CMakeFiles/3.22.1-g37088a8/CompilerIdCXX/CMakeCXXCompilerId.o"

Detecting C compiler ABI info compiled with the following output:
Change Dir: /Users/sarahswee/Downloads/VEL:DAIL/HazardSimulation-main/.utmp/RelWithDebInfo/5c546w63/arm64-v8a/CMakeFiles/CMakeTmp

Run Build Command(s):/Users/sarahswee/UnityEditors/6000.0.66f1/PlaybackEngines/AndroidPlayer/SDK/cmake/3.22.1/bin/ninja cmTC_a4824 && [1/2] Building C object CMakeFiles/cmTC_a4824.dir/CMakeCCompilerABI.c.o
Android (12470979, +pgo, -bolt, +lto, -mlgo, based on r522817c) clang version 18.0.3 (https://android.googlesource.com/toolchain/llvm-project d8003a456d14a3deb8054cdaa529ffbf02d9b262)
Target: aarch64-none-linux-android24
Thread model: posix
InstalledDir: /Users/sarahswee/UnityEditors/6000.0.66f1/PlaybackEngines/AndroidPlayer/NDK/toolchains/llvm/prebuilt/darwin-x86_64/bin
 (in-process)
 "/Users/sarahswee/UnityEditors/6000.0.66f1/PlaybackEngines/AndroidPlayer/NDK/toolchains/llvm/prebuilt/darwin-x86_64/bin/clang" -cc1 -triple aarch64-none-linux-android24 -emit-obj -mrelax-all -disable-free -clear-ast-before-backend -disable-llvm-verifier -discard-value-names -main-file-name CMakeCCompilerABI.c -mrelocation-model pic -pic-level 2 -pic-is-pie -mframe-pointer=non-leaf -ffp-contract=on -fno-rounding-math -mconstructor-aliases -funwind-tables=2 -target-cpu generic -target-feature +neon -target-feature +v8a -target-feature +fix-cortex-a53-835769 -target-abi aapcs -debug-info-kind=constructor -dwarf-version=4 -debugger-tuning=gdb -fdebug-compilation-dir=/Users/sarahswee/Downloads/VEL:DAIL/HazardSimulation-main/.utmp/RelWithDebInfo/5c546w63/arm64-v8a/CMakeFiles/CMakeTmp -v -ffunction-sections -fdata-sections -fcoverage-compilation-dir=/Users/sarahswee/Downloads/VEL:DAIL/HazardSimulation-main/.utmp/RelWithDebInfo/5c546w63/arm64-v8a/CMakeFiles/CMakeTmp -resource-dir /Users/sarahswee/UnityEditors/6000.0.66f1/PlaybackEngines/AndroidPlayer/NDK/toolchains/llvm/prebuilt/darwin-x86_64/lib/clang/18 -dependency-file CMakeFiles/cmTC_a4824.dir/CMakeCCompilerABI.c.o.d -MT CMakeFiles/cmTC_a4824.dir/CMakeCCompilerABI.c.o -sys-header-deps -D ANDROID -D __BIONIC_NO_PAGE_SIZE_MACRO -D _FORTIFY_SOURCE=2 -isysroot /Users/sarahswee/UnityEditors/6000.0.66f1/PlaybackEngines/AndroidPlayer/NDK/toolchains/llvm/prebuilt/darwin-x86_64/sysroot -internal-isystem /Users/sarahswee/UnityEditors/6000.0.66f1/PlaybackEngines/AndroidPlayer/NDK/toolchains/llvm/prebuilt/darwin-x86_64/lib/clang/18/include -internal-isystem /Users/sarahswee/UnityEditors/6000.0.66f1/PlaybackEngines/AndroidPlayer/NDK/toolchains/llvm/prebuilt/darwin-x86_64/sysroot/usr/local/include -internal-externc-isystem /Users/sarahswee/UnityEditors/6000.0.66f1/PlaybackEngines/AndroidPlayer/NDK/toolchains/llvm/prebuilt/darwin-x86_64/sysroot/usr/include/aarch64-linux-android -internal-externc-isystem /Users/sarahswee/UnityEditors/6000.0.66f1/PlaybackEngines/AndroidPlayer/NDK/toolchains/llvm/prebuilt/darwin-x86_64/sysroot/include -internal-externc-isystem /Users/sarahswee/UnityEditors/6000.0.66f1/PlaybackEngines/AndroidPlayer/NDK/toolchains/llvm/prebuilt/darwin-x86_64/sysroot/usr/include -Wformat -ferror-limit 19 -femulated-tls -stack-protector 2 -fno-signed-char -fgnuc-version=4.2.1 -target-feature +outline-atomics -D__GCC_HAVE_DWARF2_CFI_ASM=1 -o CMakeFiles/cmTC_a4824.dir/CMakeCCompilerABI.c.o -x c /Users/sarahswee/UnityEditors/6000.0.66f1/PlaybackEngines/AndroidPlayer/SDK/cmake/3.22.1/share/cmake-3.22/Modules/CMakeCCompilerABI.c
clang -cc1 version 18.0.3 based upon LLVM 18.0.3 default target x86_64-apple-darwin25.5.0
ignoring nonexistent directory "/Users/sarahswee/UnityEditors/6000.0.66f1/PlaybackEngines/AndroidPlayer/NDK/toolchains/llvm/prebuilt/darwin-x86_64/sysroot/usr/local/include"
ignoring nonexistent directory "/Users/sarahswee/UnityEditors/6000.0.66f1/PlaybackEngines/AndroidPlayer/NDK/toolchains/llvm/prebuilt/darwin-x86_64/sysroot/include"
#include "..." search starts here:
#include <...> search starts here:
 /Users/sarahswee/UnityEditors/6000.0.66f1/PlaybackEngines/AndroidPlayer/NDK/toolchains/llvm/prebuilt/darwin-x86_64/lib/clang/18/include
 /Users/sarahswee/UnityEditors/6000.0.66f1/PlaybackEngines/AndroidPlayer/NDK/toolchains/llvm/prebuilt/darwin-x86_64/sysroot/usr/include/aarch64-linux-android
 /Users/sarahswee/UnityEditors/6000.0.66f1/PlaybackEngines/AndroidPlayer/NDK/toolchains/llvm/prebuilt/darwin-x86_64/sysroot/usr/include
End of search list.
[2/2] Linking C executable cmTC_a4824
Android (12470979, +pgo, -bolt, +lto, -mlgo, based on r522817c) clang version 18.0.3 (https://android.googlesource.com/toolchain/llvm-project d8003a456d14a3deb8054cdaa529ffbf02d9b262)
Target: aarch64-none-linux-android24
Thread model: posix
InstalledDir: /Users/sarahswee/UnityEditors/6000.0.66f1/PlaybackEngines/AndroidPlayer/NDK/toolchains/llvm/prebuilt/darwin-x86_64/bin
 "/Users/sarahswee/UnityEditors/6000.0.66f1/PlaybackEngines/AndroidPlayer/NDK/toolchains/llvm/prebuilt/darwin-x86_64/bin/ld.lld" --sysroot=/Users/sarahswee/UnityEditors/6000.0.66f1/PlaybackEngines/AndroidPlayer/NDK/toolchains/llvm/prebuilt/darwin-x86_64/sysroot -EL --fix-cortex-a53-843419 -z now -z relro -z max-page-size=4096 --hash-style=gnu --eh-frame-hdr -m aarch64linux -pie -dynamic-linker /system/bin/linker64 -o cmTC_a4824 /Users/sarahswee/UnityEditors/6000.0.66f1/PlaybackEngines/AndroidPlayer/NDK/toolchains/llvm/prebuilt/darwin-x86_64/sysroot/usr/lib/aarch64-linux-android/24/crtbegin_dynamic.o -L/Users/sarahswee/UnityEditors/6000.0.66f1/PlaybackEngines/AndroidPlayer/NDK/toolchains/llvm/prebuilt/darwin-x86_64/lib/clang/18/lib/linux/aarch64 -L/Users/sarahswee/UnityEditors/6000.0.66f1/PlaybackEngines/AndroidPlayer/NDK/toolchains/llvm/prebuilt/darwin-x86_64/sysroot/usr/lib/aarch64-linux-android/24 -L/Users/sarahswee/UnityEditors/6000.0.66f1/PlaybackEngines/AndroidPlayer/NDK/toolchains/llvm/prebuilt/darwin-x86_64/sysroot/usr/lib/aarch64-linux-android -L/Users/sarahswee/UnityEditors/6000.0.66f1/PlaybackEngines/AndroidPlayer/NDK/toolchains/llvm/prebuilt/darwin-x86_64/sysroot/usr/lib -z max-page-size=16384 --build-id=sha1 --no-rosegment --no-undefined-version --fatal-warnings --no-undefined CMakeFiles/cmTC_a4824.dir/CMakeCCompilerABI.c.o /Users/sarahswee/UnityEditors/6000.0.66f1/PlaybackEngines/AndroidPlayer/NDK/toolchains/llvm/prebuilt/darwin-x86_64/lib/clang/18/lib/linux/libclang_rt.builtins-aarch64-android.a -l:libunwind.a -ldl -lc /Users/sarahswee/UnityEditors/6000.0.66f1/PlaybackEngines/AndroidPlayer/NDK/toolchains/llvm/prebuilt/darwin-x86_64/lib/clang/18/lib/linux/libclang_rt.builtins-aarch64-android.a -l:libunwind.a -ldl /Users/sarahswee/UnityEditors/6000.0.66f1/PlaybackEngines/AndroidPlayer/NDK/toolchains/llvm/prebuilt/darwin-x86_64/sysroot/usr/lib/aarch64-linux-android/24/crtend_android.o



Parsed C implicit include dir info from above output: rv=done
  found start of include info
  found start of implicit include info
    add: [/Users/sarahswee/UnityEditors/6000.0.66f1/PlaybackEngines/AndroidPlayer/NDK/toolchains/llvm/prebuilt/darwin-x86_64/lib/clang/18/include]
    add: [/Users/sarahswee/UnityEditors/6000.0.66f1/PlaybackEngines/AndroidPlayer/NDK/toolchains/llvm/prebuilt/darwin-x86_64/sysroot/usr/include/aarch64-linux-android]
    add: [/Users/sarahswee/UnityEditors/6000.0.66f1/PlaybackEngines/AndroidPlayer/NDK/toolchains/llvm/prebuilt/darwin-x86_64/sysroot/usr/include]
  end of search list found
  collapse include dir [/Users/sarahswee/UnityEditors/6000.0.66f1/PlaybackEngines/AndroidPlayer/NDK/toolchains/llvm/prebuilt/darwin-x86_64/lib/clang/18/include] ==> [/Users/sarahswee/UnityEditors/6000.0.66f1/PlaybackEngines/AndroidPlayer/NDK/toolchains/llvm/prebuilt/darwin-x86_64/lib/clang/18/include]
  collapse include dir [/Users/sarahswee/UnityEditors/6000.0.66f1/PlaybackEngines/AndroidPlayer/NDK/toolchains/llvm/prebuilt/darwin-x86_64/sysroot/usr/include/aarch64-linux-android] ==> [/Users/sarahswee/UnityEditors/6000.0.66f1/PlaybackEngines/AndroidPlayer/NDK/toolchains/llvm/prebuilt/darwin-x86_64/sysroot/usr/include/aarch64-linux-android]
  collapse include dir [/Users/sarahswee/UnityEditors/6000.0.66f1/PlaybackEngines/AndroidPlayer/NDK/toolchains/llvm/prebuilt/darwin-x86_64/sysroot/usr/include] ==> [/Users/sarahswee/UnityEditors/6000.0.66f1/PlaybackEngines/AndroidPlayer/NDK/toolchains/llvm/prebuilt/darwin-x86_64/sysroot/usr/include]
  implicit include dirs: [/Users/sarahswee/UnityEditors/6000.0.66f1/PlaybackEngines/AndroidPlayer/NDK/toolchains/llvm/prebuilt/darwin-x86_64/lib/clang/18/include;/Users/sarahswee/UnityEditors/6000.0.66f1/PlaybackEngines/AndroidPlayer/NDK/toolchains/llvm/prebuilt/darwin-x86_64/sysroot/usr/include/aarch64-linux-android;/Users/sarahswee/UnityEditors/6000.0.66f1/PlaybackEngines/AndroidPlayer/NDK/toolchains/llvm/prebuilt/darwin-x86_64/sysroot/usr/include]


Parsed C implicit link information from above output:
  link line regex: [^( *|.*[/\])(ld\.lld|CMAKE_LINK_STARTFILE-NOTFOUND|([^/\]+-)?ld|collect2)[^/\]*( |$)]
  ignore line: [Change Dir: /Users/sarahswee/Downloads/VEL:DAIL/HazardSimulation-main/.utmp/RelWithDebInfo/5c546w63/arm64-v8a/CMakeFiles/CMakeTmp]
  ignore line: []
  ignore line: [Run Build Command(s):/Users/sarahswee/UnityEditors/6000.0.66f1/PlaybackEngines/AndroidPlayer/SDK/cmake/3.22.1/bin/ninja cmTC_a4824 && [1/2] Building C object CMakeFiles/cmTC_a4824.dir/CMakeCCompilerABI.c.o]
  ignore line: [Android (12470979  +pgo  -bolt  +lto  -mlgo  based on r522817c) clang version 18.0.3 (https://android.googlesource.com/toolchain/llvm-project d8003a456d14a3deb8054cdaa529ffbf02d9b262)]
  ignore line: [Target: aarch64-none-linux-android24]
  ignore line: [Thread model: posix]
  ignore line: [InstalledDir: /Users/sarahswee/UnityEditors/6000.0.66f1/PlaybackEngines/AndroidPlayer/NDK/toolchains/llvm/prebuilt/darwin-x86_64/bin]
  ignore line: [ (in-process)]
  ignore line: [ "/Users/sarahswee/UnityEditors/6000.0.66f1/PlaybackEngines/AndroidPlayer/NDK/toolchains/llvm/prebuilt/darwin-x86_64/bin/clang" -cc1 -triple aarch64-none-linux-android24 -emit-obj -mrelax-all -disable-free -clear-ast-before-backend -disable-llvm-verifier -discard-value-names -main-file-name CMakeCCompilerABI.c -mrelocation-model pic -pic-level 2 -pic-is-pie -mframe-pointer=non-leaf -ffp-contract=on -fno-rounding-math -mconstructor-aliases -funwind-tables=2 -target-cpu generic -target-feature +neon -target-feature +v8a -target-feature +fix-cortex-a53-835769 -target-abi aapcs -debug-info-kind=constructor -dwarf-version=4 -debugger-tuning=gdb -fdebug-compilation-dir=/Users/sarahswee/Downloads/VEL:DAIL/HazardSimulation-main/.utmp/RelWithDebInfo/5c546w63/arm64-v8a/CMakeFiles/CMakeTmp -v -ffunction-sections -fdata-sections -fcoverage-compilation-dir=/Users/sarahswee/Downloads/VEL:DAIL/HazardSimulation-main/.utmp/RelWithDebInfo/5c546w63/arm64-v8a/CMakeFiles/CMakeTmp -resource-dir /Users/sarahswee/UnityEditors/6000.0.66f1/PlaybackEngines/AndroidPlayer/NDK/toolchains/llvm/prebuilt/darwin-x86_64/lib/clang/18 -dependency-file CMakeFiles/cmTC_a4824.dir/CMakeCCompilerABI.c.o.d -MT CMakeFiles/cmTC_a4824.dir/CMakeCCompilerABI.c.o -sys-header-deps -D ANDROID -D __BIONIC_NO_PAGE_SIZE_MACRO -D _FORTIFY_SOURCE=2 -isysroot /Users/sarahswee/UnityEditors/6000.0.66f1/PlaybackEngines/AndroidPlayer/NDK/toolchains/llvm/prebuilt/darwin-x86_64/sysroot -internal-isystem /Users/sarahswee/UnityEditors/6000.0.66f1/PlaybackEngines/AndroidPlayer/NDK/toolchains/llvm/prebuilt/darwin-x86_64/lib/clang/18/include -internal-isystem /Users/sarahswee/UnityEditors/6000.0.66f1/PlaybackEngines/AndroidPlayer/NDK/toolchains/llvm/prebuilt/darwin-x86_64/sysroot/usr/local/include -internal-externc-isystem /Users/sarahswee/UnityEditors/6000.0.66f1/PlaybackEngines/AndroidPlayer/NDK/toolchains/llvm/prebuilt/darwin-x86_64/sysroot/usr/include/aarch64-linux-android -internal-externc-isystem /Users/sarahswee/UnityEditors/6000.0.66f1/PlaybackEngines/AndroidPlayer/NDK/toolchains/llvm/prebuilt/darwin-x86_64/sysroot/include -internal-externc-isystem /Users/sarahswee/UnityEditors/6000.0.66f1/PlaybackEngines/AndroidPlayer/NDK/toolchains/llvm/prebuilt/darwin-x86_64/sysroot/usr/include -Wformat -ferror-limit 19 -femulated-tls -stack-protector 2 -fno-signed-char -fgnuc-version=4.2.1 -target-feature +outline-atomics -D__GCC_HAVE_DWARF2_CFI_ASM=1 -o CMakeFiles/cmTC_a4824.dir/CMakeCCompilerABI.c.o -x c /Users/sarahswee/UnityEditors/6000.0.66f1/PlaybackEngines/AndroidPlayer/SDK/cmake/3.22.1/share/cmake-3.22/Modules/CMakeCCompilerABI.c]
  ignore line: [clang -cc1 version 18.0.3 based upon LLVM 18.0.3 default target x86_64-apple-darwin25.5.0]
  ignore line: [ignoring nonexistent directory "/Users/sarahswee/UnityEditors/6000.0.66f1/PlaybackEngines/AndroidPlayer/NDK/toolchains/llvm/prebuilt/darwin-x86_64/sysroot/usr/local/include"]
  ignore line: [ignoring nonexistent directory "/Users/sarahswee/UnityEditors/6000.0.66f1/PlaybackEngines/AndroidPlayer/NDK/toolchains/llvm/prebuilt/darwin-x86_64/sysroot/include"]
  ignore line: [#include "..." search starts here:]
  ignore line: [#include <...> search starts here:]
  ignore line: [ /Users/sarahswee/UnityEditors/6000.0.66f1/PlaybackEngines/AndroidPlayer/NDK/toolchains/llvm/prebuilt/darwin-x86_64/lib/clang/18/include]
  ignore line: [ /Users/sarahswee/UnityEditors/6000.0.66f1/PlaybackEngines/AndroidPlayer/NDK/toolchains/llvm/prebuilt/darwin-x86_64/sysroot/usr/include/aarch64-linux-android]
  ignore line: [ /Users/sarahswee/UnityEditors/6000.0.66f1/PlaybackEngines/AndroidPlayer/NDK/toolchains/llvm/prebuilt/darwin-x86_64/sysroot/usr/include]
  ignore line: [End of search list.]
  ignore line: [[2/2] Linking C executable cmTC_a4824]
  ignore line: [Android (12470979  +pgo  -bolt  +lto  -mlgo  based on r522817c) clang version 18.0.3 (https://android.googlesource.com/toolchain/llvm-project d8003a456d14a3deb8054cdaa529ffbf02d9b262)]
  ignore line: [Target: aarch64-none-linux-android24]
  ignore line: [Thread model: posix]
  ignore line: [InstalledDir: /Users/sarahswee/UnityEditors/6000.0.66f1/PlaybackEngines/AndroidPlayer/NDK/toolchains/llvm/prebuilt/darwin-x86_64/bin]
  link line: [ "/Users/sarahswee/UnityEditors/6000.0.66f1/PlaybackEngines/AndroidPlayer/NDK/toolchains/llvm/prebuilt/darwin-x86_64/bin/ld.lld" --sysroot=/Users/sarahswee/UnityEditors/6000.0.66f1/PlaybackEngines/AndroidPlayer/NDK/toolchains/llvm/prebuilt/darwin-x86_64/sysroot -EL --fix-cortex-a53-843419 -z now -z relro -z max-page-size=4096 --hash-style=gnu --eh-frame-hdr -m aarch64linux -pie -dynamic-linker /system/bin/linker64 -o cmTC_a4824 /Users/sarahswee/UnityEditors/6000.0.66f1/PlaybackEngines/AndroidPlayer/NDK/toolchains/llvm/prebuilt/darwin-x86_64/sysroot/usr/lib/aarch64-linux-android/24/crtbegin_dynamic.o -L/Users/sarahswee/UnityEditors/6000.0.66f1/PlaybackEngines/AndroidPlayer/NDK/toolchains/llvm/prebuilt/darwin-x86_64/lib/clang/18/lib/linux/aarch64 -L/Users/sarahswee/UnityEditors/6000.0.66f1/PlaybackEngines/AndroidPlayer/NDK/toolchains/llvm/prebuilt/darwin-x86_64/sysroot/usr/lib/aarch64-linux-android/24 -L/Users/sarahswee/UnityEditors/6000.0.66f1/PlaybackEngines/AndroidPlayer/NDK/toolchains/llvm/prebuilt/darwin-x86_64/sysroot/usr/lib/aarch64-linux-android -L/Users/sarahswee/UnityEditors/6000.0.66f1/PlaybackEngines/AndroidPlayer/NDK/toolchains/llvm/prebuilt/darwin-x86_64/sysroot/usr/lib -z max-page-size=16384 --build-id=sha1 --no-rosegment --no-undefined-version --fatal-warnings --no-undefined CMakeFiles/cmTC_a4824.dir/CMakeCCompilerABI.c.o /Users/sarahswee/UnityEditors/6000.0.66f1/PlaybackEngines/AndroidPlayer/NDK/toolchains/llvm/prebuilt/darwin-x86_64/lib/clang/18/lib/linux/libclang_rt.builtins-aarch64-android.a -l:libunwind.a -ldl -lc /Users/sarahswee/UnityEditors/6000.0.66f1/PlaybackEngines/AndroidPlayer/NDK/toolchains/llvm/prebuilt/darwin-x86_64/lib/clang/18/lib/linux/libclang_rt.builtins-aarch64-android.a -l:libunwind.a -ldl /Users/sarahswee/UnityEditors/6000.0.66f1/PlaybackEngines/AndroidPlayer/NDK/toolchains/llvm/prebuilt/darwin-x86_64/sysroot/usr/lib/aarch64-linux-android/24/crtend_android.o]
    arg [/Users/sarahswee/UnityEditors/6000.0.66f1/PlaybackEngines/AndroidPlayer/NDK/toolchains/llvm/prebuilt/darwin-x86_64/bin/ld.lld] ==> ignore
    arg [--sysroot=/Users/sarahswee/UnityEditors/6000.0.66f1/PlaybackEngines/AndroidPlayer/NDK/toolchains/llvm/prebuilt/darwin-x86_64/sysroot] ==> ignore
    arg [-EL] ==> ignore
    arg [--fix-cortex-a53-843419] ==> ignore
    arg [-znow] ==> ignore
    arg [-zrelro] ==> ignore
    arg [-zmax-page-size=4096] ==> ignore
    arg [--hash-style=gnu] ==> ignore
    arg [--eh-frame-hdr] ==> ignore
    arg [-m] ==> ignore
    arg [aarch64linux] ==> ignore
    arg [-pie] ==> ignore
    arg [-dynamic-linker] ==> ignore
    arg [/system/bin/linker64] ==> ignore
    arg [-o] ==> ignore
    arg [cmTC_a4824] ==> ignore
    arg [/Users/sarahswee/UnityEditors/6000.0.66f1/PlaybackEngines/AndroidPlayer/NDK/toolchains/llvm/prebuilt/darwin-x86_64/sysroot/usr/lib/aarch64-linux-android/24/crtbegin_dynamic.o] ==> obj [/Users/sarahswee/UnityEditors/6000.0.66f1/PlaybackEngines/AndroidPlayer/NDK/toolchains/llvm/prebuilt/darwin-x86_64/sysroot/usr/lib/aarch64-linux-android/24/crtbegin_dynamic.o]
    arg [-L/Users/sarahswee/UnityEditors/6000.0.66f1/PlaybackEngines/AndroidPlayer/NDK/toolchains/llvm/prebuilt/darwin-x86_64/lib/clang/18/lib/linux/aarch64] ==> dir [/Users/sarahswee/UnityEditors/6000.0.66f1/PlaybackEngines/AndroidPlayer/NDK/toolchains/llvm/prebuilt/darwin-x86_64/lib/clang/18/lib/linux/aarch64]
    arg [-L/Users/sarahswee/UnityEditors/6000.0.66f1/PlaybackEngines/AndroidPlayer/NDK/toolchains/llvm/prebuilt/darwin-x86_64/sysroot/usr/lib/aarch64-linux-android/24] ==> dir [/Users/sarahswee/UnityEditors/6000.0.66f1/PlaybackEngines/AndroidPlayer/NDK/toolchains/llvm/prebuilt/darwin-x86_64/sysroot/usr/lib/aarch64-linux-android/24]
    arg [-L/Users/sarahswee/UnityEditors/6000.0.66f1/PlaybackEngines/AndroidPlayer/NDK/toolchains/llvm/prebuilt/darwin-x86_64/sysroot/usr/lib/aarch64-linux-android] ==> dir [/Users/sarahswee/UnityEditors/6000.0.66f1/PlaybackEngines/AndroidPlayer/NDK/toolchains/llvm/prebuilt/darwin-x86_64/sysroot/usr/lib/aarch64-linux-android]
    arg [-L/Users/sarahswee/UnityEditors/6000.0.66f1/PlaybackEngines/AndroidPlayer/NDK/toolchains/llvm/prebuilt/darwin-x86_64/sysroot/usr/lib] ==> dir [/Users/sarahswee/UnityEditors/6000.0.66f1/PlaybackEngines/AndroidPlayer/NDK/toolchains/llvm/prebuilt/darwin-x86_64/sysroot/usr/lib]
    arg [-zmax-page-size=16384] ==> ignore
    arg [--build-id=sha1] ==> ignore
    arg [--no-rosegment] ==> ignore
    arg [--no-undefined-version] ==> ignore
    arg [--fatal-warnings] ==> ignore
    arg [--no-undefined] ==> ignore
    arg [CMakeFiles/cmTC_a4824.dir/CMakeCCompilerABI.c.o] ==> ignore
    arg [/Users/sarahswee/UnityEditors/6000.0.66f1/PlaybackEngines/AndroidPlayer/NDK/toolchains/llvm/prebuilt/darwin-x86_64/lib/clang/18/lib/linux/libclang_rt.builtins-aarch64-android.a] ==> lib [/Users/sarahswee/UnityEditors/6000.0.66f1/PlaybackEngines/AndroidPlayer/NDK/toolchains/llvm/prebuilt/darwin-x86_64/lib/clang/18/lib/linux/libclang_rt.builtins-aarch64-android.a]
    arg [-l:libunwind.a] ==> lib [-l:libunwind.a]
    arg [-ldl] ==> lib [dl]
    arg [-lc] ==> lib [c]
    arg [/Users/sarahswee/UnityEditors/6000.0.66f1/PlaybackEngines/AndroidPlayer/NDK/toolchains/llvm/prebuilt/darwin-x86_64/lib/clang/18/lib/linux/libclang_rt.builtins-aarch64-android.a] ==> lib [/Users/sarahswee/UnityEditors/6000.0.66f1/PlaybackEngines/AndroidPlayer/NDK/toolchains/llvm/prebuilt/darwin-x86_64/lib/clang/18/lib/linux/libclang_rt.builtins-aarch64-android.a]
    arg [-l:libunwind.a] ==> lib [-l:libunwind.a]
    arg [-ldl] ==> lib [dl]
    arg [/Users/sarahswee/UnityEditors/6000.0.66f1/PlaybackEngines/AndroidPlayer/NDK/toolchains/llvm/prebuilt/darwin-x86_64/sysroot/usr/lib/aarch64-linux-android/24/crtend_android.o] ==> obj [/Users/sarahswee/UnityEditors/6000.0.66f1/PlaybackEngines/AndroidPlayer/NDK/toolchains/llvm/prebuilt/darwin-x86_64/sysroot/usr/lib/aarch64-linux-android/24/crtend_android.o]
  remove lib [/Users/sarahswee/UnityEditors/6000.0.66f1/PlaybackEngines/AndroidPlayer/NDK/toolchains/llvm/prebuilt/darwin-x86_64/lib/clang/18/lib/linux/libclang_rt.builtins-aarch64-android.a]
  remove lib [/Users/sarahswee/UnityEditors/6000.0.66f1/PlaybackEngines/AndroidPlayer/NDK/toolchains/llvm/prebuilt/darwin-x86_64/lib/clang/18/lib/linux/libclang_rt.builtins-aarch64-android.a]
  collapse library dir [/Users/sarahswee/UnityEditors/6000.0.66f1/PlaybackEngines/AndroidPlayer/NDK/toolchains/llvm/prebuilt/darwin-x86_64/lib/clang/18/lib/linux/aarch64] ==> [/Users/sarahswee/UnityEditors/6000.0.66f1/PlaybackEngines/AndroidPlayer/NDK/toolchains/llvm/prebuilt/darwin-x86_64/lib/clang/18/lib/linux/aarch64]
  collapse library dir [/Users/sarahswee/UnityEditors/6000.0.66f1/PlaybackEngines/AndroidPlayer/NDK/toolchains/llvm/prebuilt/darwin-x86_64/sysroot/usr/lib/aarch64-linux-android/24] ==> [/Users/sarahswee/UnityEditors/6000.0.66f1/PlaybackEngines/AndroidPlayer/NDK/toolchains/llvm/prebuilt/darwin-x86_64/sysroot/usr/lib/aarch64-linux-android/24]
  collapse library dir [/Users/sarahswee/UnityEditors/6000.0.66f1/PlaybackEngines/AndroidPlayer/NDK/toolchains/llvm/prebuilt/darwin-x86_64/sysroot/usr/lib/aarch64-linux-android] ==> [/Users/sarahswee/UnityEditors/6000.0.66f1/PlaybackEngines/AndroidPlayer/NDK/toolchains/llvm/prebuilt/darwin-x86_64/sysroot/usr/lib/aarch64-linux-android]
  collapse library dir [/Users/sarahswee/UnityEditors/6000.0.66f1/PlaybackEngines/AndroidPlayer/NDK/toolchains/llvm/prebuilt/darwin-x86_64/sysroot/usr/lib] ==> [/Users/sarahswee/UnityEditors/6000.0.66f1/PlaybackEngines/AndroidPlayer/NDK/toolchains/llvm/prebuilt/darwin-x86_64/sysroot/usr/lib]
  implicit libs: [-l:libunwind.a;dl;c;-l:libunwind.a;dl]
  implicit objs: [/Users/sarahswee/UnityEditors/6000.0.66f1/PlaybackEngines/AndroidPlayer/NDK/toolchains/llvm/prebuilt/darwin-x86_64/sysroot/usr/lib/aarch64-linux-android/24/crtbegin_dynamic.o;/Users/sarahswee/UnityEditors/6000.0.66f1/PlaybackEngines/AndroidPlayer/NDK/toolchains/llvm/prebuilt/darwin-x86_64/sysroot/usr/lib/aarch64-linux-android/24/crtend_android.o]
  implicit dirs: [/Users/sarahswee/UnityEditors/6000.0.66f1/PlaybackEngines/AndroidPlayer/NDK/toolchains/llvm/prebuilt/darwin-x86_64/lib/clang/18/lib/linux/aarch64;/Users/sarahswee/UnityEditors/6000.0.66f1/PlaybackEngines/AndroidPlayer/NDK/toolchains/llvm/prebuilt/darwin-x86_64/sysroot/usr/lib/aarch64-linux-android/24;/Users/sarahswee/UnityEditors/6000.0.66f1/PlaybackEngines/AndroidPlayer/NDK/toolchains/llvm/prebuilt/darwin-x86_64/sysroot/usr/lib/aarch64-linux-android;/Users/sarahswee/UnityEditors/6000.0.66f1/PlaybackEngines/AndroidPlayer/NDK/toolchains/llvm/prebuilt/darwin-x86_64/sysroot/usr/lib]
  implicit fwks: []


Detecting CXX compiler ABI info compiled with the following output:
Change Dir: /Users/sarahswee/Downloads/VEL:DAIL/HazardSimulation-main/.utmp/RelWithDebInfo/5c546w63/arm64-v8a/CMakeFiles/CMakeTmp

Run Build Command(s):/Users/sarahswee/UnityEditors/6000.0.66f1/PlaybackEngines/AndroidPlayer/SDK/cmake/3.22.1/bin/ninja cmTC_e1f25 && [1/2] Building CXX object CMakeFiles/cmTC_e1f25.dir/CMakeCXXCompilerABI.cpp.o
Android (12470979, +pgo, -bolt, +lto, -mlgo, based on r522817c) clang version 18.0.3 (https://android.googlesource.com/toolchain/llvm-project d8003a456d14a3deb8054cdaa529ffbf02d9b262)
Target: aarch64-none-linux-android24
Thread model: posix
InstalledDir: /Users/sarahswee/UnityEditors/6000.0.66f1/PlaybackEngines/AndroidPlayer/NDK/toolchains/llvm/prebuilt/darwin-x86_64/bin
 (in-process)
 "/Users/sarahswee/UnityEditors/6000.0.66f1/PlaybackEngines/AndroidPlayer/NDK/toolchains/llvm/prebuilt/darwin-x86_64/bin/clang++" -cc1 -triple aarch64-none-linux-android24 -emit-obj -mrelax-all -disable-free -clear-ast-before-backend -disable-llvm-verifier -discard-value-names -main-file-name CMakeCXXCompilerABI.cpp -mrelocation-model pic -pic-level 2 -pic-is-pie -mframe-pointer=non-leaf -ffp-contract=on -fno-rounding-math -mconstructor-aliases -funwind-tables=2 -target-cpu generic -target-feature +neon -target-feature +v8a -target-feature +fix-cortex-a53-835769 -target-abi aapcs -debug-info-kind=constructor -dwarf-version=4 -debugger-tuning=gdb -fdebug-compilation-dir=/Users/sarahswee/Downloads/VEL:DAIL/HazardSimulation-main/.utmp/RelWithDebInfo/5c546w63/arm64-v8a/CMakeFiles/CMakeTmp -v -ffunction-sections -fdata-sections -fcoverage-compilation-dir=/Users/sarahswee/Downloads/VEL:DAIL/HazardSimulation-main/.utmp/RelWithDebInfo/5c546w63/arm64-v8a/CMakeFiles/CMakeTmp -resource-dir /Users/sarahswee/UnityEditors/6000.0.66f1/PlaybackEngines/AndroidPlayer/NDK/toolchains/llvm/prebuilt/darwin-x86_64/lib/clang/18 -dependency-file CMakeFiles/cmTC_e1f25.dir/CMakeCXXCompilerABI.cpp.o.d -MT CMakeFiles/cmTC_e1f25.dir/CMakeCXXCompilerABI.cpp.o -sys-header-deps -D ANDROID -D __BIONIC_NO_PAGE_SIZE_MACRO -D _FORTIFY_SOURCE=2 -isysroot /Users/sarahswee/UnityEditors/6000.0.66f1/PlaybackEngines/AndroidPlayer/NDK/toolchains/llvm/prebuilt/darwin-x86_64/sysroot -internal-isystem /Users/sarahswee/UnityEditors/6000.0.66f1/PlaybackEngines/AndroidPlayer/NDK/toolchains/llvm/prebuilt/darwin-x86_64/sysroot/usr/include/c++/v1 -internal-isystem /Users/sarahswee/UnityEditors/6000.0.66f1/PlaybackEngines/AndroidPlayer/NDK/toolchains/llvm/prebuilt/darwin-x86_64/lib/clang/18/include -internal-isystem /Users/sarahswee/UnityEditors/6000.0.66f1/PlaybackEngines/AndroidPlayer/NDK/toolchains/llvm/prebuilt/darwin-x86_64/sysroot/usr/local/include -internal-externc-isystem /Users/sarahswee/UnityEditors/6000.0.66f1/PlaybackEngines/AndroidPlayer/NDK/toolchains/llvm/prebuilt/darwin-x86_64/sysroot/usr/include/aarch64-linux-android -internal-externc-isystem /Users/sarahswee/UnityEditors/6000.0.66f1/PlaybackEngines/AndroidPlayer/NDK/toolchains/llvm/prebuilt/darwin-x86_64/sysroot/include -internal-externc-isystem /Users/sarahswee/UnityEditors/6000.0.66f1/PlaybackEngines/AndroidPlayer/NDK/toolchains/llvm/prebuilt/darwin-x86_64/sysroot/usr/include -Wformat -fdeprecated-macro -ferror-limit 19 -femulated-tls -stack-protector 2 -fno-signed-char -fgnuc-version=4.2.1 -fcxx-exceptions -fexceptions -target-feature +outline-atomics -D__GCC_HAVE_DWARF2_CFI_ASM=1 -o CMakeFiles/cmTC_e1f25.dir/CMakeCXXCompilerABI.cpp.o -x c++ /Users/sarahswee/UnityEditors/6000.0.66f1/PlaybackEngines/AndroidPlayer/SDK/cmake/3.22.1/share/cmake-3.22/Modules/CMakeCXXCompilerABI.cpp
clang -cc1 version 18.0.3 based upon LLVM 18.0.3 default target x86_64-apple-darwin25.5.0
ignoring nonexistent directory "/Users/sarahswee/UnityEditors/6000.0.66f1/PlaybackEngines/AndroidPlayer/NDK/toolchains/llvm/prebuilt/darwin-x86_64/sysroot/usr/local/include"
ignoring nonexistent directory "/Users/sarahswee/UnityEditors/6000.0.66f1/PlaybackEngines/AndroidPlayer/NDK/toolchains/llvm/prebuilt/darwin-x86_64/sysroot/include"
#include "..." search starts here:
#include <...> search starts here:
 /Users/sarahswee/UnityEditors/6000.0.66f1/PlaybackEngines/AndroidPlayer/NDK/toolchains/llvm/prebuilt/darwin-x86_64/sysroot/usr/include/c++/v1
 /Users/sarahswee/UnityEditors/6000.0.66f1/PlaybackEngines/AndroidPlayer/NDK/toolchains/llvm/prebuilt/darwin-x86_64/lib/clang/18/include
 /Users/sarahswee/UnityEditors/6000.0.66f1/PlaybackEngines/AndroidPlayer/NDK/toolchains/llvm/prebuilt/darwin-x86_64/sysroot/usr/include/aarch64-linux-android
 /Users/sarahswee/UnityEditors/6000.0.66f1/PlaybackEngines/AndroidPlayer/NDK/toolchains/llvm/prebuilt/darwin-x86_64/sysroot/usr/include
End of search list.
[2/2] Linking CXX executable cmTC_e1f25
Android (12470979, +pgo, -bolt, +lto, -mlgo, based on r522817c) clang version 18.0.3 (https://android.googlesource.com/toolchain/llvm-project d8003a456d14a3deb8054cdaa529ffbf02d9b262)
Target: aarch64-none-linux-android24
Thread model: posix
InstalledDir: /Users/sarahswee/UnityEditors/6000.0.66f1/PlaybackEngines/AndroidPlayer/NDK/toolchains/llvm/prebuilt/darwin-x86_64/bin
 "/Users/sarahswee/UnityEditors/6000.0.66f1/PlaybackEngines/AndroidPlayer/NDK/toolchains/llvm/prebuilt/darwin-x86_64/bin/ld.lld" --sysroot=/Users/sarahswee/UnityEditors/6000.0.66f1/PlaybackEngines/AndroidPlayer/NDK/toolchains/llvm/prebuilt/darwin-x86_64/sysroot -EL --fix-cortex-a53-843419 -z now -z relro -z max-page-size=4096 --hash-style=gnu --eh-frame-hdr -m aarch64linux -pie -dynamic-linker /system/bin/linker64 -o cmTC_e1f25 /Users/sarahswee/UnityEditors/6000.0.66f1/PlaybackEngines/AndroidPlayer/NDK/toolchains/llvm/prebuilt/darwin-x86_64/sysroot/usr/lib/aarch64-linux-android/24/crtbegin_dynamic.o -L/Users/sarahswee/UnityEditors/6000.0.66f1/PlaybackEngines/AndroidPlayer/NDK/toolchains/llvm/prebuilt/darwin-x86_64/lib/clang/18/lib/linux/aarch64 -L/Users/sarahswee/UnityEditors/6000.0.66f1/PlaybackEngines/AndroidPlayer/NDK/toolchains/llvm/prebuilt/darwin-x86_64/sysroot/usr/lib/aarch64-linux-android/24 -L/Users/sarahswee/UnityEditors/6000.0.66f1/PlaybackEngines/AndroidPlayer/NDK/toolchains/llvm/prebuilt/darwin-x86_64/sysroot/usr/lib/aarch64-linux-android -L/Users/sarahswee/UnityEditors/6000.0.66f1/PlaybackEngines/AndroidPlayer/NDK/toolchains/llvm/prebuilt/darwin-x86_64/sysroot/usr/lib -z max-page-size=16384 --build-id=sha1 --no-rosegment --no-undefined-version --fatal-warnings --no-undefined CMakeFiles/cmTC_e1f25.dir/CMakeCXXCompilerABI.cpp.o -lc++ -lm /Users/sarahswee/UnityEditors/6000.0.66f1/PlaybackEngines/AndroidPlayer/NDK/toolchains/llvm/prebuilt/darwin-x86_64/lib/clang/18/lib/linux/libclang_rt.builtins-aarch64-android.a -l:libunwind.a -ldl -lc /Users/sarahswee/UnityEditors/6000.0.66f1/PlaybackEngines/AndroidPlayer/NDK/toolchains/llvm/prebuilt/darwin-x86_64/lib/clang/18/lib/linux/libclang_rt.builtins-aarch64-android.a -l:libunwind.a -ldl /Users/sarahswee/UnityEditors/6000.0.66f1/PlaybackEngines/AndroidPlayer/NDK/toolchains/llvm/prebuilt/darwin-x86_64/sysroot/usr/lib/aarch64-linux-android/24/crtend_android.o



Parsed CXX implicit include dir info from above output: rv=done
  found start of include info
  found start of implicit include info
    add: [/Users/sarahswee/UnityEditors/6000.0.66f1/PlaybackEngines/AndroidPlayer/NDK/toolchains/llvm/prebuilt/darwin-x86_64/sysroot/usr/include/c++/v1]
    add: [/Users/sarahswee/UnityEditors/6000.0.66f1/PlaybackEngines/AndroidPlayer/NDK/toolchains/llvm/prebuilt/darwin-x86_64/lib/clang/18/include]
    add: [/Users/sarahswee/UnityEditors/6000.0.66f1/PlaybackEngines/AndroidPlayer/NDK/toolchains/llvm/prebuilt/darwin-x86_64/sysroot/usr/include/aarch64-linux-android]
    add: [/Users/sarahswee/UnityEditors/6000.0.66f1/PlaybackEngines/AndroidPlayer/NDK/toolchains/llvm/prebuilt/darwin-x86_64/sysroot/usr/include]
  end of search list found
  collapse include dir [/Users/sarahswee/UnityEditors/6000.0.66f1/PlaybackEngines/AndroidPlayer/NDK/toolchains/llvm/prebuilt/darwin-x86_64/sysroot/usr/include/c++/v1] ==> [/Users/sarahswee/UnityEditors/6000.0.66f1/PlaybackEngines/AndroidPlayer/NDK/toolchains/llvm/prebuilt/darwin-x86_64/sysroot/usr/include/c++/v1]
  collapse include dir [/Users/sarahswee/UnityEditors/6000.0.66f1/PlaybackEngines/AndroidPlayer/NDK/toolchains/llvm/prebuilt/darwin-x86_64/lib/clang/18/include] ==> [/Users/sarahswee/UnityEditors/6000.0.66f1/PlaybackEngines/AndroidPlayer/NDK/toolchains/llvm/prebuilt/darwin-x86_64/lib/clang/18/include]
  collapse include dir [/Users/sarahswee/UnityEditors/6000.0.66f1/PlaybackEngines/AndroidPlayer/NDK/toolchains/llvm/prebuilt/darwin-x86_64/sysroot/usr/include/aarch64-linux-android] ==> [/Users/sarahswee/UnityEditors/6000.0.66f1/PlaybackEngines/AndroidPlayer/NDK/toolchains/llvm/prebuilt/darwin-x86_64/sysroot/usr/include/aarch64-linux-android]
  collapse include dir [/Users/sarahswee/UnityEditors/6000.0.66f1/PlaybackEngines/AndroidPlayer/NDK/toolchains/llvm/prebuilt/darwin-x86_64/sysroot/usr/include] ==> [/Users/sarahswee/UnityEditors/6000.0.66f1/PlaybackEngines/AndroidPlayer/NDK/toolchains/llvm/prebuilt/darwin-x86_64/sysroot/usr/include]
  implicit include dirs: [/Users/sarahswee/UnityEditors/6000.0.66f1/PlaybackEngines/AndroidPlayer/NDK/toolchains/llvm/prebuilt/darwin-x86_64/sysroot/usr/include/c++/v1;/Users/sarahswee/UnityEditors/6000.0.66f1/PlaybackEngines/AndroidPlayer/NDK/toolchains/llvm/prebuilt/darwin-x86_64/lib/clang/18/include;/Users/sarahswee/UnityEditors/6000.0.66f1/PlaybackEngines/AndroidPlayer/NDK/toolchains/llvm/prebuilt/darwin-x86_64/sysroot/usr/include/aarch64-linux-android;/Users/sarahswee/UnityEditors/6000.0.66f1/PlaybackEngines/AndroidPlayer/NDK/toolchains/llvm/prebuilt/darwin-x86_64/sysroot/usr/include]


Parsed CXX implicit link information from above output:
  link line regex: [^( *|.*[/\])(ld\.lld|CMAKE_LINK_STARTFILE-NOTFOUND|([^/\]+-)?ld|collect2)[^/\]*( |$)]
  ignore line: [Change Dir: /Users/sarahswee/Downloads/VEL:DAIL/HazardSimulation-main/.utmp/RelWithDebInfo/5c546w63/arm64-v8a/CMakeFiles/CMakeTmp]
  ignore line: []
  ignore line: [Run Build Command(s):/Users/sarahswee/UnityEditors/6000.0.66f1/PlaybackEngines/AndroidPlayer/SDK/cmake/3.22.1/bin/ninja cmTC_e1f25 && [1/2] Building CXX object CMakeFiles/cmTC_e1f25.dir/CMakeCXXCompilerABI.cpp.o]
  ignore line: [Android (12470979  +pgo  -bolt  +lto  -mlgo  based on r522817c) clang version 18.0.3 (https://android.googlesource.com/toolchain/llvm-project d8003a456d14a3deb8054cdaa529ffbf02d9b262)]
  ignore line: [Target: aarch64-none-linux-android24]
  ignore line: [Thread model: posix]
  ignore line: [InstalledDir: /Users/sarahswee/UnityEditors/6000.0.66f1/PlaybackEngines/AndroidPlayer/NDK/toolchains/llvm/prebuilt/darwin-x86_64/bin]
  ignore line: [ (in-process)]
  ignore line: [ "/Users/sarahswee/UnityEditors/6000.0.66f1/PlaybackEngines/AndroidPlayer/NDK/toolchains/llvm/prebuilt/darwin-x86_64/bin/clang++" -cc1 -triple aarch64-none-linux-android24 -emit-obj -mrelax-all -disable-free -clear-ast-before-backend -disable-llvm-verifier -discard-value-names -main-file-name CMakeCXXCompilerABI.cpp -mrelocation-model pic -pic-level 2 -pic-is-pie -mframe-pointer=non-leaf -ffp-contract=on -fno-rounding-math -mconstructor-aliases -funwind-tables=2 -target-cpu generic -target-feature +neon -target-feature +v8a -target-feature +fix-cortex-a53-835769 -target-abi aapcs -debug-info-kind=constructor -dwarf-version=4 -debugger-tuning=gdb -fdebug-compilation-dir=/Users/sarahswee/Downloads/VEL:DAIL/HazardSimulation-main/.utmp/RelWithDebInfo/5c546w63/arm64-v8a/CMakeFiles/CMakeTmp -v -ffunction-sections -fdata-sections -fcoverage-compilation-dir=/Users/sarahswee/Downloads/VEL:DAIL/HazardSimulation-main/.utmp/RelWithDebInfo/5c546w63/arm64-v8a/CMakeFiles/CMakeTmp -resource-dir /Users/sarahswee/UnityEditors/6000.0.66f1/PlaybackEngines/AndroidPlayer/NDK/toolchains/llvm/prebuilt/darwin-x86_64/lib/clang/18 -dependency-file CMakeFiles/cmTC_e1f25.dir/CMakeCXXCompilerABI.cpp.o.d -MT CMakeFiles/cmTC_e1f25.dir/CMakeCXXCompilerABI.cpp.o -sys-header-deps -D ANDROID -D __BIONIC_NO_PAGE_SIZE_MACRO -D _FORTIFY_SOURCE=2 -isysroot /Users/sarahswee/UnityEditors/6000.0.66f1/PlaybackEngines/AndroidPlayer/NDK/toolchains/llvm/prebuilt/darwin-x86_64/sysroot -internal-isystem /Users/sarahswee/UnityEditors/6000.0.66f1/PlaybackEngines/AndroidPlayer/NDK/toolchains/llvm/prebuilt/darwin-x86_64/sysroot/usr/include/c++/v1 -internal-isystem /Users/sarahswee/UnityEditors/6000.0.66f1/PlaybackEngines/AndroidPlayer/NDK/toolchains/llvm/prebuilt/darwin-x86_64/lib/clang/18/include -internal-isystem /Users/sarahswee/UnityEditors/6000.0.66f1/PlaybackEngines/AndroidPlayer/NDK/toolchains/llvm/prebuilt/darwin-x86_64/sysroot/usr/local/include -internal-externc-isystem /Users/sarahswee/UnityEditors/6000.0.66f1/PlaybackEngines/AndroidPlayer/NDK/toolchains/llvm/prebuilt/darwin-x86_64/sysroot/usr/include/aarch64-linux-android -internal-externc-isystem /Users/sarahswee/UnityEditors/6000.0.66f1/PlaybackEngines/AndroidPlayer/NDK/toolchains/llvm/prebuilt/darwin-x86_64/sysroot/include -internal-externc-isystem /Users/sarahswee/UnityEditors/6000.0.66f1/PlaybackEngines/AndroidPlayer/NDK/toolchains/llvm/prebuilt/darwin-x86_64/sysroot/usr/include -Wformat -fdeprecated-macro -ferror-limit 19 -femulated-tls -stack-protector 2 -fno-signed-char -fgnuc-version=4.2.1 -fcxx-exceptions -fexceptions -target-feature +outline-atomics -D__GCC_HAVE_DWARF2_CFI_ASM=1 -o CMakeFiles/cmTC_e1f25.dir/CMakeCXXCompilerABI.cpp.o -x c++ /Users/sarahswee/UnityEditors/6000.0.66f1/PlaybackEngines/AndroidPlayer/SDK/cmake/3.22.1/share/cmake-3.22/Modules/CMakeCXXCompilerABI.cpp]
  ignore line: [clang -cc1 version 18.0.3 based upon LLVM 18.0.3 default target x86_64-apple-darwin25.5.0]
  ignore line: [ignoring nonexistent directory "/Users/sarahswee/UnityEditors/6000.0.66f1/PlaybackEngines/AndroidPlayer/NDK/toolchains/llvm/prebuilt/darwin-x86_64/sysroot/usr/local/include"]
  ignore line: [ignoring nonexistent directory "/Users/sarahswee/UnityEditors/6000.0.66f1/PlaybackEngines/AndroidPlayer/NDK/toolchains/llvm/prebuilt/darwin-x86_64/sysroot/include"]
  ignore line: [#include "..." search starts here:]
  ignore line: [#include <...> search starts here:]
  ignore line: [ /Users/sarahswee/UnityEditors/6000.0.66f1/PlaybackEngines/AndroidPlayer/NDK/toolchains/llvm/prebuilt/darwin-x86_64/sysroot/usr/include/c++/v1]
  ignore line: [ /Users/sarahswee/UnityEditors/6000.0.66f1/PlaybackEngines/AndroidPlayer/NDK/toolchains/llvm/prebuilt/darwin-x86_64/lib/clang/18/include]
  ignore line: [ /Users/sarahswee/UnityEditors/6000.0.66f1/PlaybackEngines/AndroidPlayer/NDK/toolchains/llvm/prebuilt/darwin-x86_64/sysroot/usr/include/aarch64-linux-android]
  ignore line: [ /Users/sarahswee/UnityEditors/6000.0.66f1/PlaybackEngines/AndroidPlayer/NDK/toolchains/llvm/prebuilt/darwin-x86_64/sysroot/usr/include]
  ignore line: [End of search list.]
  ignore line: [[2/2] Linking CXX executable cmTC_e1f25]
  ignore line: [Android (12470979  +pgo  -bolt  +lto  -mlgo  based on r522817c) clang version 18.0.3 (https://android.googlesource.com/toolchain/llvm-project d8003a456d14a3deb8054cdaa529ffbf02d9b262)]
  ignore line: [Target: aarch64-none-linux-android24]
  ignore line: [Thread model: posix]
  ignore line: [InstalledDir: /Users/sarahswee/UnityEditors/6000.0.66f1/PlaybackEngines/AndroidPlayer/NDK/toolchains/llvm/prebuilt/darwin-x86_64/bin]
  link line: [ "/Users/sarahswee/UnityEditors/6000.0.66f1/PlaybackEngines/AndroidPlayer/NDK/toolchains/llvm/prebuilt/darwin-x86_64/bin/ld.lld" --sysroot=/Users/sarahswee/UnityEditors/6000.0.66f1/PlaybackEngines/AndroidPlayer/NDK/toolchains/llvm/prebuilt/darwin-x86_64/sysroot -EL --fix-cortex-a53-843419 -z now -z relro -z max-page-size=4096 --hash-style=gnu --eh-frame-hdr -m aarch64linux -pie -dynamic-linker /system/bin/linker64 -o cmTC_e1f25 /Users/sarahswee/UnityEditors/6000.0.66f1/PlaybackEngines/AndroidPlayer/NDK/toolchains/llvm/prebuilt/darwin-x86_64/sysroot/usr/lib/aarch64-linux-android/24/crtbegin_dynamic.o -L/Users/sarahswee/UnityEditors/6000.0.66f1/PlaybackEngines/AndroidPlayer/NDK/toolchains/llvm/prebuilt/darwin-x86_64/lib/clang/18/lib/linux/aarch64 -L/Users/sarahswee/UnityEditors/6000.0.66f1/PlaybackEngines/AndroidPlayer/NDK/toolchains/llvm/prebuilt/darwin-x86_64/sysroot/usr/lib/aarch64-linux-android/24 -L/Users/sarahswee/UnityEditors/6000.0.66f1/PlaybackEngines/AndroidPlayer/NDK/toolchains/llvm/prebuilt/darwin-x86_64/sysroot/usr/lib/aarch64-linux-android -L/Users/sarahswee/UnityEditors/6000.0.66f1/PlaybackEngines/AndroidPlayer/NDK/toolchains/llvm/prebuilt/darwin-x86_64/sysroot/usr/lib -z max-page-size=16384 --build-id=sha1 --no-rosegment --no-undefined-version --fatal-warnings --no-undefined CMakeFiles/cmTC_e1f25.dir/CMakeCXXCompilerABI.cpp.o -lc++ -lm /Users/sarahswee/UnityEditors/6000.0.66f1/PlaybackEngines/AndroidPlayer/NDK/toolchains/llvm/prebuilt/darwin-x86_64/lib/clang/18/lib/linux/libclang_rt.builtins-aarch64-android.a -l:libunwind.a -ldl -lc /Users/sarahswee/UnityEditors/6000.0.66f1/PlaybackEngines/AndroidPlayer/NDK/toolchains/llvm/prebuilt/darwin-x86_64/lib/clang/18/lib/linux/libclang_rt.builtins-aarch64-android.a -l:libunwind.a -ldl /Users/sarahswee/UnityEditors/6000.0.66f1/PlaybackEngines/AndroidPlayer/NDK/toolchains/llvm/prebuilt/darwin-x86_64/sysroot/usr/lib/aarch64-linux-android/24/crtend_android.o]
    arg [/Users/sarahswee/UnityEditors/6000.0.66f1/PlaybackEngines/AndroidPlayer/NDK/toolchains/llvm/prebuilt/darwin-x86_64/bin/ld.lld] ==> ignore
    arg [--sysroot=/Users/sarahswee/UnityEditors/6000.0.66f1/PlaybackEngines/AndroidPlayer/NDK/toolchains/llvm/prebuilt/darwin-x86_64/sysroot] ==> ignore
    arg [-EL] ==> ignore
    arg [--fix-cortex-a53-843419] ==> ignore
    arg [-znow] ==> ignore
    arg [-zrelro] ==> ignore
    arg [-zmax-page-size=4096] ==> ignore
    arg [--hash-style=gnu] ==> ignore
    arg [--eh-frame-hdr] ==> ignore
    arg [-m] ==> ignore
    arg [aarch64linux] ==> ignore
    arg [-pie] ==> ignore
    arg [-dynamic-linker] ==> ignore
    arg [/system/bin/linker64] ==> ignore
    arg [-o] ==> ignore
    arg [cmTC_e1f25] ==> ignore
    arg [/Users/sarahswee/UnityEditors/6000.0.66f1/PlaybackEngines/AndroidPlayer/NDK/toolchains/llvm/prebuilt/darwin-x86_64/sysroot/usr/lib/aarch64-linux-android/24/crtbegin_dynamic.o] ==> obj [/Users/sarahswee/UnityEditors/6000.0.66f1/PlaybackEngines/AndroidPlayer/NDK/toolchains/llvm/prebuilt/darwin-x86_64/sysroot/usr/lib/aarch64-linux-android/24/crtbegin_dynamic.o]
    arg [-L/Users/sarahswee/UnityEditors/6000.0.66f1/PlaybackEngines/AndroidPlayer/NDK/toolchains/llvm/prebuilt/darwin-x86_64/lib/clang/18/lib/linux/aarch64] ==> dir [/Users/sarahswee/UnityEditors/6000.0.66f1/PlaybackEngines/AndroidPlayer/NDK/toolchains/llvm/prebuilt/darwin-x86_64/lib/clang/18/lib/linux/aarch64]
    arg [-L/Users/sarahswee/UnityEditors/6000.0.66f1/PlaybackEngines/AndroidPlayer/NDK/toolchains/llvm/prebuilt/darwin-x86_64/sysroot/usr/lib/aarch64-linux-android/24] ==> dir [/Users/sarahswee/UnityEditors/6000.0.66f1/PlaybackEngines/AndroidPlayer/NDK/toolchains/llvm/prebuilt/darwin-x86_64/sysroot/usr/lib/aarch64-linux-android/24]
    arg [-L/Users/sarahswee/UnityEditors/6000.0.66f1/PlaybackEngines/AndroidPlayer/NDK/toolchains/llvm/prebuilt/darwin-x86_64/sysroot/usr/lib/aarch64-linux-android] ==> dir [/Users/sarahswee/UnityEditors/6000.0.66f1/PlaybackEngines/AndroidPlayer/NDK/toolchains/llvm/prebuilt/darwin-x86_64/sysroot/usr/lib/aarch64-linux-android]
    arg [-L/Users/sarahswee/UnityEditors/6000.0.66f1/PlaybackEngines/AndroidPlayer/NDK/toolchains/llvm/prebuilt/darwin-x86_64/sysroot/usr/lib] ==> dir [/Users/sarahswee/UnityEditors/6000.0.66f1/PlaybackEngines/AndroidPlayer/NDK/toolchains/llvm/prebuilt/darwin-x86_64/sysroot/usr/lib]
    arg [-zmax-page-size=16384] ==> ignore
    arg [--build-id=sha1] ==> ignore
    arg [--no-rosegment] ==> ignore
    arg [--no-undefined-version] ==> ignore
    arg [--fatal-warnings] ==> ignore
    arg [--no-undefined] ==> ignore
    arg [CMakeFiles/cmTC_e1f25.dir/CMakeCXXCompilerABI.cpp.o] ==> ignore
    arg [-lc++] ==> lib [c++]
    arg [-lm] ==> lib [m]
    arg [/Users/sarahswee/UnityEditors/6000.0.66f1/PlaybackEngines/AndroidPlayer/NDK/toolchains/llvm/prebuilt/darwin-x86_64/lib/clang/18/lib/linux/libclang_rt.builtins-aarch64-android.a] ==> lib [/Users/sarahswee/UnityEditors/6000.0.66f1/PlaybackEngines/AndroidPlayer/NDK/toolchains/llvm/prebuilt/darwin-x86_64/lib/clang/18/lib/linux/libclang_rt.builtins-aarch64-android.a]
    arg [-l:libunwind.a] ==> lib [-l:libunwind.a]
    arg [-ldl] ==> lib [dl]
    arg [-lc] ==> lib [c]
    arg [/Users/sarahswee/UnityEditors/6000.0.66f1/PlaybackEngines/AndroidPlayer/NDK/toolchains/llvm/prebuilt/darwin-x86_64/lib/clang/18/lib/linux/libclang_rt.builtins-aarch64-android.a] ==> lib [/Users/sarahswee/UnityEditors/6000.0.66f1/PlaybackEngines/AndroidPlayer/NDK/toolchains/llvm/prebuilt/darwin-x86_64/lib/clang/18/lib/linux/libclang_rt.builtins-aarch64-android.a]
    arg [-l:libunwind.a] ==> lib [-l:libunwind.a]
    arg [-ldl] ==> lib [dl]
    arg [/Users/sarahswee/UnityEditors/6000.0.66f1/PlaybackEngines/AndroidPlayer/NDK/toolchains/llvm/prebuilt/darwin-x86_64/sysroot/usr/lib/aarch64-linux-android/24/crtend_android.o] ==> obj [/Users/sarahswee/UnityEditors/6000.0.66f1/PlaybackEngines/AndroidPlayer/NDK/toolchains/llvm/prebuilt/darwin-x86_64/sysroot/usr/lib/aarch64-linux-android/24/crtend_android.o]
  remove lib [/Users/sarahswee/UnityEditors/6000.0.66f1/PlaybackEngines/AndroidPlayer/NDK/toolchains/llvm/prebuilt/darwin-x86_64/lib/clang/18/lib/linux/libclang_rt.builtins-aarch64-android.a]
  remove lib [/Users/sarahswee/UnityEditors/6000.0.66f1/PlaybackEngines/AndroidPlayer/NDK/toolchains/llvm/prebuilt/darwin-x86_64/lib/clang/18/lib/linux/libclang_rt.builtins-aarch64-android.a]
  collapse library dir [/Users/sarahswee/UnityEditors/6000.0.66f1/PlaybackEngines/AndroidPlayer/NDK/toolchains/llvm/prebuilt/darwin-x86_64/lib/clang/18/lib/linux/aarch64] ==> [/Users/sarahswee/UnityEditors/6000.0.66f1/PlaybackEngines/AndroidPlayer/NDK/toolchains/llvm/prebuilt/darwin-x86_64/lib/clang/18/lib/linux/aarch64]
  collapse library dir [/Users/sarahswee/UnityEditors/6000.0.66f1/PlaybackEngines/AndroidPlayer/NDK/toolchains/llvm/prebuilt/darwin-x86_64/sysroot/usr/lib/aarch64-linux-android/24] ==> [/Users/sarahswee/UnityEditors/6000.0.66f1/PlaybackEngines/AndroidPlayer/NDK/toolchains/llvm/prebuilt/darwin-x86_64/sysroot/usr/lib/aarch64-linux-android/24]
  collapse library dir [/Users/sarahswee/UnityEditors/6000.0.66f1/PlaybackEngines/AndroidPlayer/NDK/toolchains/llvm/prebuilt/darwin-x86_64/sysroot/usr/lib/aarch64-linux-android] ==> [/Users/sarahswee/UnityEditors/6000.0.66f1/PlaybackEngines/AndroidPlayer/NDK/toolchains/llvm/prebuilt/darwin-x86_64/sysroot/usr/lib/aarch64-linux-android]
  collapse library dir [/Users/sarahswee/UnityEditors/6000.0.66f1/PlaybackEngines/AndroidPlayer/NDK/toolchains/llvm/prebuilt/darwin-x86_64/sysroot/usr/lib] ==> [/Users/sarahswee/UnityEditors/6000.0.66f1/PlaybackEngines/AndroidPlayer/NDK/toolchains/llvm/prebuilt/darwin-x86_64/sysroot/usr/lib]
  implicit libs: [c++;m;-l:libunwind.a;dl;c;-l:libunwind.a;dl]
  implicit objs: [/Users/sarahswee/UnityEditors/6000.0.66f1/PlaybackEngines/AndroidPlayer/NDK/toolchains/llvm/prebuilt/darwin-x86_64/sysroot/usr/lib/aarch64-linux-android/24/crtbegin_dynamic.o;/Users/sarahswee/UnityEditors/6000.0.66f1/PlaybackEngines/AndroidPlayer/NDK/toolchains/llvm/prebuilt/darwin-x86_64/sysroot/usr/lib/aarch64-linux-android/24/crtend_android.o]
  implicit dirs: [/Users/sarahswee/UnityEditors/6000.0.66f1/PlaybackEngines/AndroidPlayer/NDK/toolchains/llvm/prebuilt/darwin-x86_64/lib/clang/18/lib/linux/aarch64;/Users/sarahswee/UnityEditors/6000.0.66f1/PlaybackEngines/AndroidPlayer/NDK/toolchains/llvm/prebuilt/darwin-x86_64/sysroot/usr/lib/aarch64-linux-android/24;/Users/sarahswee/UnityEditors/6000.0.66f1/PlaybackEngines/AndroidPlayer/NDK/toolchains/llvm/prebuilt/darwin-x86_64/sysroot/usr/lib/aarch64-linux-android;/Users/sarahswee/UnityEditors/6000.0.66f1/PlaybackEngines/AndroidPlayer/NDK/toolchains/llvm/prebuilt/darwin-x86_64/sysroot/usr/lib]
  implicit fwks: []


